// Jest Snapshot v1, https://goo.gl/fbAQLP

exports[`CreateUser page should match snapshot 1`] = `
ShallowWrapper {
  "length": 1,
  Symbol(enzyme.__root__): [Circular],
  Symbol(enzyme.__unrendered__): <CreateUser
    createNewUser={[Function]}
    userStatus=""
  />,
  Symbol(enzyme.__renderer__): Object {
    "batchedUpdates": [Function],
    "getNode": [Function],
    "render": [Function],
    "simulateEvent": [Function],
    "unmount": [Function],
  },
  Symbol(enzyme.__node__): Object {
    "instance": null,
    "key": null,
    "nodeType": "host",
    "props": Object {
      "children": <form>
        <h2>
          Welcome to Movie Tracker
        </h2>
        <h2>
          Create Account
        </h2>
        <input
          className="name-input"
          onChange={[Function]}
          placeholder="Name"
          type="text"
        />
        <input
          className="email-input"
          onChange={[Function]}
          placeholder="Email"
          type="text"
        />
        <input
          className="password-input"
          onChange={[Function]}
          placeholder="Password"
          type="password"
        />
        <input
          className="form-button"
          onClick={[Function]}
          type="submit"
        />
      </form>,
    },
    "ref": null,
    "rendered": Object {
      "instance": null,
      "key": null,
      "nodeType": "host",
      "props": Object {
        "children": Array [
          <h2>
            Welcome to Movie Tracker
          </h2>,
          <h2>
            Create Account
          </h2>,
          <input
            className="name-input"
            onChange={[Function]}
            placeholder="Name"
            type="text"
          />,
          <input
            className="email-input"
            onChange={[Function]}
            placeholder="Email"
            type="text"
          />,
          <input
            className="password-input"
            onChange={[Function]}
            placeholder="Password"
            type="password"
          />,
          <input
            className="form-button"
            onClick={[Function]}
            type="submit"
          />,
        ],
      },
      "ref": null,
      "rendered": Array [
        Object {
          "instance": null,
          "key": null,
          "nodeType": "host",
          "props": Object {
            "children": "Welcome to Movie Tracker",
          },
          "ref": null,
          "rendered": "Welcome to Movie Tracker",
          "type": "h2",
        },
        Object {
          "instance": null,
          "key": null,
          "nodeType": "host",
          "props": Object {
            "children": "Create Account",
          },
          "ref": null,
          "rendered": "Create Account",
          "type": "h2",
        },
        Object {
          "instance": null,
          "key": null,
          "nodeType": "host",
          "props": Object {
            "className": "name-input",
            "onChange": [Function],
            "placeholder": "Name",
            "type": "text",
          },
          "ref": null,
          "rendered": null,
          "type": "input",
        },
        Object {
          "instance": null,
          "key": null,
          "nodeType": "host",
          "props": Object {
            "className": "email-input",
            "onChange": [Function],
            "placeholder": "Email",
            "type": "text",
          },
          "ref": null,
          "rendered": null,
          "type": "input",
        },
        Object {
          "instance": null,
          "key": null,
          "nodeType": "host",
          "props": Object {
            "className": "password-input",
            "onChange": [Function],
            "placeholder": "Password",
            "type": "password",
          },
          "ref": null,
          "rendered": null,
          "type": "input",
        },
        Object {
          "instance": null,
          "key": null,
          "nodeType": "host",
          "props": Object {
            "className": "form-button",
            "onClick": [Function],
            "type": "submit",
          },
          "ref": null,
          "rendered": null,
          "type": "input",
        },
      ],
      "type": "form",
    },
    "type": "div",
  },
  Symbol(enzyme.__nodes__): Array [
    Object {
      "instance": null,
      "key": null,
      "nodeType": "host",
      "props": Object {
        "children": <form>
          <h2>
            Welcome to Movie Tracker
          </h2>
          <h2>
            Create Account
          </h2>
          <input
            className="name-input"
            onChange={[Function]}
            placeholder="Name"
            type="text"
          />
          <input
            className="email-input"
            onChange={[Function]}
            placeholder="Email"
            type="text"
          />
          <input
            className="password-input"
            onChange={[Function]}
            placeholder="Password"
            type="password"
          />
          <input
            className="form-button"
            onClick={[Function]}
            type="submit"
          />
        </form>,
      },
      "ref": null,
      "rendered": Object {
        "instance": null,
        "key": null,
        "nodeType": "host",
        "props": Object {
          "children": Array [
            <h2>
              Welcome to Movie Tracker
            </h2>,
            <h2>
              Create Account
            </h2>,
            <input
              className="name-input"
              onChange={[Function]}
              placeholder="Name"
              type="text"
            />,
            <input
              className="email-input"
              onChange={[Function]}
              placeholder="Email"
              type="text"
            />,
            <input
              className="password-input"
              onChange={[Function]}
              placeholder="Password"
              type="password"
            />,
            <input
              className="form-button"
              onClick={[Function]}
              type="submit"
            />,
          ],
        },
        "ref": null,
        "rendered": Array [
          Object {
            "instance": null,
            "key": null,
            "nodeType": "host",
            "props": Object {
              "children": "Welcome to Movie Tracker",
            },
            "ref": null,
            "rendered": "Welcome to Movie Tracker",
            "type": "h2",
          },
          Object {
            "instance": null,
            "key": null,
            "nodeType": "host",
            "props": Object {
              "children": "Create Account",
            },
            "ref": null,
            "rendered": "Create Account",
            "type": "h2",
          },
          Object {
            "instance": null,
            "key": null,
            "nodeType": "host",
            "props": Object {
              "className": "name-input",
              "onChange": [Function],
              "placeholder": "Name",
              "type": "text",
            },
            "ref": null,
            "rendered": null,
            "type": "input",
          },
          Object {
            "instance": null,
            "key": null,
            "nodeType": "host",
            "props": Object {
              "className": "email-input",
              "onChange": [Function],
              "placeholder": "Email",
              "type": "text",
            },
            "ref": null,
            "rendered": null,
            "type": "input",
          },
          Object {
            "instance": null,
            "key": null,
            "nodeType": "host",
            "props": Object {
              "className": "password-input",
              "onChange": [Function],
              "placeholder": "Password",
              "type": "password",
            },
            "ref": null,
            "rendered": null,
            "type": "input",
          },
          Object {
            "instance": null,
            "key": null,
            "nodeType": "host",
            "props": Object {
              "className": "form-button",
              "onClick": [Function],
              "type": "submit",
            },
            "ref": null,
            "rendered": null,
            "type": "input",
          },
        ],
        "type": "form",
      },
      "type": "div",
    },
  ],
  Symbol(enzyme.__options__): Object {
    "adapter": ReactSixteenAdapter {
      "options": Object {
        "enableComponentDidUpdateOnSetState": true,
      },
    },
  },
}
`;
