// Jest Snapshot v1, https://goo.gl/fbAQLP

exports[`MovieCard should match snapshot 1`] = `
ShallowWrapper {
  "length": 1,
  Symbol(enzyme.__root__): [Circular],
  Symbol(enzyme.__unrendered__): <MovieCard
    addFavorites={[Function]}
    movie={
      Object {
        "adult": false,
        "backdrop_path": "/tcheoA2nPATCm2vvXw2hVQoaEFD.jpg",
        "genre_ids": Array [
          12,
          18,
          27,
        ],
        "id": 346364,
        "original_language": "en",
        "original_title": "It",
        "overview": "In a small town in Maine, seven children known as The Losers Club come face to face with life problems.",
        "popularity": 810.855615,
        "poster_path": "/9E2y5Q7WlCVNEhP5GiVTjhEhx1o.jpg",
        "release_date": "2017-09-05",
        "title": "It",
        "video": false,
        "vote_average": 7.4,
        "vote_count": 2193,
      }
    }
  />,
  Symbol(enzyme.__renderer__): Object {
    "batchedUpdates": [Function],
    "getNode": [Function],
    "render": [Function],
    "simulateEvent": [Function],
    "unmount": [Function],
  },
  Symbol(enzyme.__node__): Object {
    "instance": null,
    "key": null,
    "nodeType": "host",
    "props": Object {
      "children": <div
        className="flip-container"
        onKeyDown={[Function]}
        tabIndex={0}
      >
        <div
          className="flipper"
        >
          <div
            className="front"
          >
            <div
              className="fav-btn"
              onClick={[Function]}
            />
            <img
              alt="A promotional poster for the movie It"
              className="movie-image"
              src="https://image.tmdb.org/t/p/w500//9E2y5Q7WlCVNEhP5GiVTjhEhx1o.jpg"
            />
          </div>
          <div
            className="back"
          >
            <div
              className="fav-btn"
              onClick={[Function]}
            />
            <img
              alt="A promotional poster for the movie It"
              className="movie-image-back"
              src="https://image.tmdb.org/t/p/w500//9E2y5Q7WlCVNEhP5GiVTjhEhx1o.jpg"
            />
            <div
              className="card-text"
            >
              <h1
                className="movie-title"
              >
                It
              </h1>
              <h2
                className="score"
              >
                Score: 
                7.4
              </h2>
              <p>
                In a small town in Maine, seven children known as The Losers Club come face to face with life problems.
              </p>
              <h4
                className="release"
              >
                In theaters: 
                2017-09-05
              </h4>
            </div>
          </div>
        </div>
      </div>,
      "className": "movie-card",
    },
    "ref": null,
    "rendered": Object {
      "instance": null,
      "key": null,
      "nodeType": "host",
      "props": Object {
        "children": <div
          className="flipper"
        >
          <div
            className="front"
          >
            <div
              className="fav-btn"
              onClick={[Function]}
            />
            <img
              alt="A promotional poster for the movie It"
              className="movie-image"
              src="https://image.tmdb.org/t/p/w500//9E2y5Q7WlCVNEhP5GiVTjhEhx1o.jpg"
            />
          </div>
          <div
            className="back"
          >
            <div
              className="fav-btn"
              onClick={[Function]}
            />
            <img
              alt="A promotional poster for the movie It"
              className="movie-image-back"
              src="https://image.tmdb.org/t/p/w500//9E2y5Q7WlCVNEhP5GiVTjhEhx1o.jpg"
            />
            <div
              className="card-text"
            >
              <h1
                className="movie-title"
              >
                It
              </h1>
              <h2
                className="score"
              >
                Score: 
                7.4
              </h2>
              <p>
                In a small town in Maine, seven children known as The Losers Club come face to face with life problems.
              </p>
              <h4
                className="release"
              >
                In theaters: 
                2017-09-05
              </h4>
            </div>
          </div>
        </div>,
        "className": "flip-container",
        "onKeyDown": [Function],
        "tabIndex": 0,
      },
      "ref": null,
      "rendered": Object {
        "instance": null,
        "key": null,
        "nodeType": "host",
        "props": Object {
          "children": Array [
            <div
              className="front"
            >
              <div
                className="fav-btn"
                onClick={[Function]}
              />
              <img
                alt="A promotional poster for the movie It"
                className="movie-image"
                src="https://image.tmdb.org/t/p/w500//9E2y5Q7WlCVNEhP5GiVTjhEhx1o.jpg"
              />
            </div>,
            <div
              className="back"
            >
              <div
                className="fav-btn"
                onClick={[Function]}
              />
              <img
                alt="A promotional poster for the movie It"
                className="movie-image-back"
                src="https://image.tmdb.org/t/p/w500//9E2y5Q7WlCVNEhP5GiVTjhEhx1o.jpg"
              />
              <div
                className="card-text"
              >
                <h1
                  className="movie-title"
                >
                  It
                </h1>
                <h2
                  className="score"
                >
                  Score: 
                  7.4
                </h2>
                <p>
                  In a small town in Maine, seven children known as The Losers Club come face to face with life problems.
                </p>
                <h4
                  className="release"
                >
                  In theaters: 
                  2017-09-05
                </h4>
              </div>
            </div>,
          ],
          "className": "flipper",
        },
        "ref": null,
        "rendered": Array [
          Object {
            "instance": null,
            "key": null,
            "nodeType": "host",
            "props": Object {
              "children": Array [
                <div
                  className="fav-btn"
                  onClick={[Function]}
                />,
                <img
                  alt="A promotional poster for the movie It"
                  className="movie-image"
                  src="https://image.tmdb.org/t/p/w500//9E2y5Q7WlCVNEhP5GiVTjhEhx1o.jpg"
                />,
              ],
              "className": "front",
            },
            "ref": null,
            "rendered": Array [
              Object {
                "instance": null,
                "key": null,
                "nodeType": "host",
                "props": Object {
                  "className": "fav-btn",
                  "onClick": [Function],
                },
                "ref": null,
                "rendered": null,
                "type": "div",
              },
              Object {
                "instance": null,
                "key": null,
                "nodeType": "host",
                "props": Object {
                  "alt": "A promotional poster for the movie It",
                  "className": "movie-image",
                  "src": "https://image.tmdb.org/t/p/w500//9E2y5Q7WlCVNEhP5GiVTjhEhx1o.jpg",
                },
                "ref": null,
                "rendered": null,
                "type": "img",
              },
            ],
            "type": "div",
          },
          Object {
            "instance": null,
            "key": null,
            "nodeType": "host",
            "props": Object {
              "children": Array [
                <div
                  className="fav-btn"
                  onClick={[Function]}
                />,
                <img
                  alt="A promotional poster for the movie It"
                  className="movie-image-back"
                  src="https://image.tmdb.org/t/p/w500//9E2y5Q7WlCVNEhP5GiVTjhEhx1o.jpg"
                />,
                <div
                  className="card-text"
                >
                  <h1
                    className="movie-title"
                  >
                    It
                  </h1>
                  <h2
                    className="score"
                  >
                    Score: 
                    7.4
                  </h2>
                  <p>
                    In a small town in Maine, seven children known as The Losers Club come face to face with life problems.
                  </p>
                  <h4
                    className="release"
                  >
                    In theaters: 
                    2017-09-05
                  </h4>
                </div>,
              ],
              "className": "back",
            },
            "ref": null,
            "rendered": Array [
              Object {
                "instance": null,
                "key": null,
                "nodeType": "host",
                "props": Object {
                  "className": "fav-btn",
                  "onClick": [Function],
                },
                "ref": null,
                "rendered": null,
                "type": "div",
              },
              Object {
                "instance": null,
                "key": null,
                "nodeType": "host",
                "props": Object {
                  "alt": "A promotional poster for the movie It",
                  "className": "movie-image-back",
                  "src": "https://image.tmdb.org/t/p/w500//9E2y5Q7WlCVNEhP5GiVTjhEhx1o.jpg",
                },
                "ref": null,
                "rendered": null,
                "type": "img",
              },
              Object {
                "instance": null,
                "key": null,
                "nodeType": "host",
                "props": Object {
                  "children": Array [
                    <h1
                      className="movie-title"
                    >
                      It
                    </h1>,
                    <h2
                      className="score"
                    >
                      Score: 
                      7.4
                    </h2>,
                    <p>
                      In a small town in Maine, seven children known as The Losers Club come face to face with life problems.
                    </p>,
                    <h4
                      className="release"
                    >
                      In theaters: 
                      2017-09-05
                    </h4>,
                  ],
                  "className": "card-text",
                },
                "ref": null,
                "rendered": Array [
                  Object {
                    "instance": null,
                    "key": null,
                    "nodeType": "host",
                    "props": Object {
                      "children": "It",
                      "className": "movie-title",
                    },
                    "ref": null,
                    "rendered": "It",
                    "type": "h1",
                  },
                  Object {
                    "instance": null,
                    "key": null,
                    "nodeType": "host",
                    "props": Object {
                      "children": Array [
                        "Score: ",
                        7.4,
                      ],
                      "className": "score",
                    },
                    "ref": null,
                    "rendered": Array [
                      "Score: ",
                      7.4,
                    ],
                    "type": "h2",
                  },
                  Object {
                    "instance": null,
                    "key": null,
                    "nodeType": "host",
                    "props": Object {
                      "children": "In a small town in Maine, seven children known as The Losers Club come face to face with life problems.",
                    },
                    "ref": null,
                    "rendered": "In a small town in Maine, seven children known as The Losers Club come face to face with life problems.",
                    "type": "p",
                  },
                  Object {
                    "instance": null,
                    "key": null,
                    "nodeType": "host",
                    "props": Object {
                      "children": Array [
                        "In theaters: ",
                        "2017-09-05",
                      ],
                      "className": "release",
                    },
                    "ref": null,
                    "rendered": Array [
                      "In theaters: ",
                      "2017-09-05",
                    ],
                    "type": "h4",
                  },
                ],
                "type": "div",
              },
            ],
            "type": "div",
          },
        ],
        "type": "div",
      },
      "type": "div",
    },
    "type": "div",
  },
  Symbol(enzyme.__nodes__): Array [
    Object {
      "instance": null,
      "key": null,
      "nodeType": "host",
      "props": Object {
        "children": <div
          className="flip-container"
          onKeyDown={[Function]}
          tabIndex={0}
        >
          <div
            className="flipper"
          >
            <div
              className="front"
            >
              <div
                className="fav-btn"
                onClick={[Function]}
              />
              <img
                alt="A promotional poster for the movie It"
                className="movie-image"
                src="https://image.tmdb.org/t/p/w500//9E2y5Q7WlCVNEhP5GiVTjhEhx1o.jpg"
              />
            </div>
            <div
              className="back"
            >
              <div
                className="fav-btn"
                onClick={[Function]}
              />
              <img
                alt="A promotional poster for the movie It"
                className="movie-image-back"
                src="https://image.tmdb.org/t/p/w500//9E2y5Q7WlCVNEhP5GiVTjhEhx1o.jpg"
              />
              <div
                className="card-text"
              >
                <h1
                  className="movie-title"
                >
                  It
                </h1>
                <h2
                  className="score"
                >
                  Score: 
                  7.4
                </h2>
                <p>
                  In a small town in Maine, seven children known as The Losers Club come face to face with life problems.
                </p>
                <h4
                  className="release"
                >
                  In theaters: 
                  2017-09-05
                </h4>
              </div>
            </div>
          </div>
        </div>,
        "className": "movie-card",
      },
      "ref": null,
      "rendered": Object {
        "instance": null,
        "key": null,
        "nodeType": "host",
        "props": Object {
          "children": <div
            className="flipper"
          >
            <div
              className="front"
            >
              <div
                className="fav-btn"
                onClick={[Function]}
              />
              <img
                alt="A promotional poster for the movie It"
                className="movie-image"
                src="https://image.tmdb.org/t/p/w500//9E2y5Q7WlCVNEhP5GiVTjhEhx1o.jpg"
              />
            </div>
            <div
              className="back"
            >
              <div
                className="fav-btn"
                onClick={[Function]}
              />
              <img
                alt="A promotional poster for the movie It"
                className="movie-image-back"
                src="https://image.tmdb.org/t/p/w500//9E2y5Q7WlCVNEhP5GiVTjhEhx1o.jpg"
              />
              <div
                className="card-text"
              >
                <h1
                  className="movie-title"
                >
                  It
                </h1>
                <h2
                  className="score"
                >
                  Score: 
                  7.4
                </h2>
                <p>
                  In a small town in Maine, seven children known as The Losers Club come face to face with life problems.
                </p>
                <h4
                  className="release"
                >
                  In theaters: 
                  2017-09-05
                </h4>
              </div>
            </div>
          </div>,
          "className": "flip-container",
          "onKeyDown": [Function],
          "tabIndex": 0,
        },
        "ref": null,
        "rendered": Object {
          "instance": null,
          "key": null,
          "nodeType": "host",
          "props": Object {
            "children": Array [
              <div
                className="front"
              >
                <div
                  className="fav-btn"
                  onClick={[Function]}
                />
                <img
                  alt="A promotional poster for the movie It"
                  className="movie-image"
                  src="https://image.tmdb.org/t/p/w500//9E2y5Q7WlCVNEhP5GiVTjhEhx1o.jpg"
                />
              </div>,
              <div
                className="back"
              >
                <div
                  className="fav-btn"
                  onClick={[Function]}
                />
                <img
                  alt="A promotional poster for the movie It"
                  className="movie-image-back"
                  src="https://image.tmdb.org/t/p/w500//9E2y5Q7WlCVNEhP5GiVTjhEhx1o.jpg"
                />
                <div
                  className="card-text"
                >
                  <h1
                    className="movie-title"
                  >
                    It
                  </h1>
                  <h2
                    className="score"
                  >
                    Score: 
                    7.4
                  </h2>
                  <p>
                    In a small town in Maine, seven children known as The Losers Club come face to face with life problems.
                  </p>
                  <h4
                    className="release"
                  >
                    In theaters: 
                    2017-09-05
                  </h4>
                </div>
              </div>,
            ],
            "className": "flipper",
          },
          "ref": null,
          "rendered": Array [
            Object {
              "instance": null,
              "key": null,
              "nodeType": "host",
              "props": Object {
                "children": Array [
                  <div
                    className="fav-btn"
                    onClick={[Function]}
                  />,
                  <img
                    alt="A promotional poster for the movie It"
                    className="movie-image"
                    src="https://image.tmdb.org/t/p/w500//9E2y5Q7WlCVNEhP5GiVTjhEhx1o.jpg"
                  />,
                ],
                "className": "front",
              },
              "ref": null,
              "rendered": Array [
                Object {
                  "instance": null,
                  "key": null,
                  "nodeType": "host",
                  "props": Object {
                    "className": "fav-btn",
                    "onClick": [Function],
                  },
                  "ref": null,
                  "rendered": null,
                  "type": "div",
                },
                Object {
                  "instance": null,
                  "key": null,
                  "nodeType": "host",
                  "props": Object {
                    "alt": "A promotional poster for the movie It",
                    "className": "movie-image",
                    "src": "https://image.tmdb.org/t/p/w500//9E2y5Q7WlCVNEhP5GiVTjhEhx1o.jpg",
                  },
                  "ref": null,
                  "rendered": null,
                  "type": "img",
                },
              ],
              "type": "div",
            },
            Object {
              "instance": null,
              "key": null,
              "nodeType": "host",
              "props": Object {
                "children": Array [
                  <div
                    className="fav-btn"
                    onClick={[Function]}
                  />,
                  <img
                    alt="A promotional poster for the movie It"
                    className="movie-image-back"
                    src="https://image.tmdb.org/t/p/w500//9E2y5Q7WlCVNEhP5GiVTjhEhx1o.jpg"
                  />,
                  <div
                    className="card-text"
                  >
                    <h1
                      className="movie-title"
                    >
                      It
                    </h1>
                    <h2
                      className="score"
                    >
                      Score: 
                      7.4
                    </h2>
                    <p>
                      In a small town in Maine, seven children known as The Losers Club come face to face with life problems.
                    </p>
                    <h4
                      className="release"
                    >
                      In theaters: 
                      2017-09-05
                    </h4>
                  </div>,
                ],
                "className": "back",
              },
              "ref": null,
              "rendered": Array [
                Object {
                  "instance": null,
                  "key": null,
                  "nodeType": "host",
                  "props": Object {
                    "className": "fav-btn",
                    "onClick": [Function],
                  },
                  "ref": null,
                  "rendered": null,
                  "type": "div",
                },
                Object {
                  "instance": null,
                  "key": null,
                  "nodeType": "host",
                  "props": Object {
                    "alt": "A promotional poster for the movie It",
                    "className": "movie-image-back",
                    "src": "https://image.tmdb.org/t/p/w500//9E2y5Q7WlCVNEhP5GiVTjhEhx1o.jpg",
                  },
                  "ref": null,
                  "rendered": null,
                  "type": "img",
                },
                Object {
                  "instance": null,
                  "key": null,
                  "nodeType": "host",
                  "props": Object {
                    "children": Array [
                      <h1
                        className="movie-title"
                      >
                        It
                      </h1>,
                      <h2
                        className="score"
                      >
                        Score: 
                        7.4
                      </h2>,
                      <p>
                        In a small town in Maine, seven children known as The Losers Club come face to face with life problems.
                      </p>,
                      <h4
                        className="release"
                      >
                        In theaters: 
                        2017-09-05
                      </h4>,
                    ],
                    "className": "card-text",
                  },
                  "ref": null,
                  "rendered": Array [
                    Object {
                      "instance": null,
                      "key": null,
                      "nodeType": "host",
                      "props": Object {
                        "children": "It",
                        "className": "movie-title",
                      },
                      "ref": null,
                      "rendered": "It",
                      "type": "h1",
                    },
                    Object {
                      "instance": null,
                      "key": null,
                      "nodeType": "host",
                      "props": Object {
                        "children": Array [
                          "Score: ",
                          7.4,
                        ],
                        "className": "score",
                      },
                      "ref": null,
                      "rendered": Array [
                        "Score: ",
                        7.4,
                      ],
                      "type": "h2",
                    },
                    Object {
                      "instance": null,
                      "key": null,
                      "nodeType": "host",
                      "props": Object {
                        "children": "In a small town in Maine, seven children known as The Losers Club come face to face with life problems.",
                      },
                      "ref": null,
                      "rendered": "In a small town in Maine, seven children known as The Losers Club come face to face with life problems.",
                      "type": "p",
                    },
                    Object {
                      "instance": null,
                      "key": null,
                      "nodeType": "host",
                      "props": Object {
                        "children": Array [
                          "In theaters: ",
                          "2017-09-05",
                        ],
                        "className": "release",
                      },
                      "ref": null,
                      "rendered": Array [
                        "In theaters: ",
                        "2017-09-05",
                      ],
                      "type": "h4",
                    },
                  ],
                  "type": "div",
                },
              ],
              "type": "div",
            },
          ],
          "type": "div",
        },
        "type": "div",
      },
      "type": "div",
    },
  ],
  Symbol(enzyme.__options__): Object {
    "adapter": ReactSixteenAdapter {
      "options": Object {
        "enableComponentDidUpdateOnSetState": true,
      },
    },
  },
}
`;
